// Jest Snapshot v1, https://goo.gl/fbAQLP

exports[`ShowMoreBtn renders properly 1`] = `
ReactWrapper {
  "length": 1,
  Symbol(enzyme.__unrendered__): <ShowMoreBtn
    storiesLeft={100}
/>,
  Symbol(enzyme.__renderer__): Object {
    "batchedUpdates": [Function],
    "getNode": [Function],
    "render": [Function],
    "simulateEvent": [Function],
    "unmount": [Function],
  },
  Symbol(enzyme.__root__): [Circular],
  Symbol(enzyme.__node__): Object {
    "instance": null,
    "key": undefined,
    "nodeType": "function",
    "props": Object {
      "storiesLeft": 100,
    },
    "ref": null,
    "rendered": Object {
      "instance": <button
        class="show-more-btn"
        type="action"
>
        SHOW MORE (
        100
        )
</button>,
      "key": undefined,
      "nodeType": "host",
      "props": Object {
        "children": Array [
          "SHOW MORE (",
          100,
          ")",
        ],
        "className": "show-more-btn",
        "onClick": undefined,
        "type": "action",
      },
      "ref": null,
      "rendered": Array [
        "SHOW MORE (",
        "100",
        ")",
      ],
      "type": "button",
    },
    "type": [Function],
  },
  Symbol(enzyme.__nodes__): Array [
    Object {
      "instance": null,
      "key": undefined,
      "nodeType": "function",
      "props": Object {
        "storiesLeft": 100,
      },
      "ref": null,
      "rendered": Object {
        "instance": <button
          class="show-more-btn"
          type="action"
>
          SHOW MORE (
          100
          )
</button>,
        "key": undefined,
        "nodeType": "host",
        "props": Object {
          "children": Array [
            "SHOW MORE (",
            100,
            ")",
          ],
          "className": "show-more-btn",
          "onClick": undefined,
          "type": "action",
        },
        "ref": null,
        "rendered": Array [
          "SHOW MORE (",
          "100",
          ")",
        ],
        "type": "button",
      },
      "type": [Function],
    },
  ],
  Symbol(enzyme.__options__): Object {
    "adapter": ReactSixteenAdapter {
      "options": Object {
        "enableComponentDidUpdateOnSetState": true,
      },
    },
  },
}
`;
